=== error ===
1 of 1 runs aborted: batch aborted by context cancellation

=== results (1) ===
--- result[0] ---
IssueNumber: 42
Issue: 42
Status: aborted
RetriesTotal: 1
Branch: 
WorktreePath: 
Review: false
RunID: 

=== events (partitioned by RunID, emission order) ===
## RunID: 260618113825-abcd-42
<ts>	run.started	{"agent":"test-agent","base_branch":"main","batch_id":"260618113825-abcd-42","branch":"sandman/42-fix-bug","container_capacity":0,"container_capacity_set":false,"issue_title":"Fix bug","max_containers":0,"max_containers_set":false,"parallel":0,"prompt_source_type":"current","retries":0,"sandbox":"worktree","start_delay":0}
<ts>	run.aborted	{"base_branch":"main","branch":"","retries_done":0,"retries_total":0,"status":"aborted","worktree_state":"preserved"}

=== run.log ===
<none>
